name: "name"
title: "title"
kind: "NETWORK_INSTANCE_KIND_SWITCH"
port: "eth1"
type: "NETWORK_INSTANCE_DHCP_TYPE_UNSPECIFIED"
tags: {}
porttags: {}

